ok - watch-arm: an attached arm reports the wake its cycle delivered instead of a false failure
ok - watch-arm: a delivered wake consumed by the handling turn still closes the attached arm cleanly
ok - watch-arm: an unusable launch confirm window refuses to arm by name
ok - watch-arm: a cycle that delivered no wake of its own still fails loudly
/home/pnj/.no-mistakes/worktrees/3189e6653997/01M2KASXTMW164DXZBK3TZ7DAG/bin/fm-watch-arm.sh: line 582: 3572450 Killed                     "$WATCH" > "$child_out"
WAKE_ACK_REQUIRED: after handling completes run bin/fm-wake-drain.sh --ack-through 2 --recovery-generation 3573504.1789506055.t8h6S5
ok - watch-arm: re-arm surfaces every queued wake and an open remote decision after downtime
watcher: recovery state could not be persisted; retaining stale lock evidence
ok - watch-arm: marker publication failure retains stale-lock recovery evidence
WAKE_ACK_REQUIRED: after handling completes run bin/fm-wake-drain.sh --ack-through 2 --recovery-generation 3586377.1789506082.Ec6AfH
WAKE_ACK_REQUIRED: after handling completes run bin/fm-wake-drain.sh --ack-through 3 --recovery-generation 3589063.1789506088.ofmdja
ok - watch-arm: a wake queued after handling drain is recovered once at successor arm
ok - watch-arm: interrupted handling leaves its wake durable for successor re-drain
WAKE_ACK_REQUIRED: after handling completes run bin/fm-wake-drain.sh --ack-through 0 --recovery-generation 3600948.1789506113.ThO7LB
ok - watch-arm: malformed recovery state is quarantined without a successor loop
WAKE_ACK_REQUIRED: after handling completes run bin/fm-wake-drain.sh --ack-through 1 --recovery-generation 3604467.1789506119.u82SQP
ok - watch-arm: publication after recovery handoff is surfaced
ok - watch-arm: restart publishes recovery before clearing a reused-pid watcher lock
WAKE_ACK_REQUIRED: after handling completes run bin/fm-wake-drain.sh --ack-through 7 --recovery-generation 3607528.1789506126.IQE0jK
ok - watch-arm: markerless legacy queues are adopted and recovered
ok - watch-arm: a watcher close during handling keeps the printed acknowledgement valid
ok - watch-arm: a moved recovery generation consumes handled rows and names its remedy
ok - watch-arm: downtime marker publication does not follow symlinks
ok - watch-arm: --restart defers to a live away-mode daemon without displacing its watcher
ok - watch-arm: --restart defers during away-mode entry without displacing its watcher
ok - watch-arm: an arm defers through the daemon entry window until the daemon is live
ok - watch-arm: an interrupted away entry clears its marker and re-arms
ok - watch-arm: a legacy .afk without daemon ownership still arms
ok - watch-arm: a fresh away-entry sentinel defers the arm
ok - watch-arm: an abandoned away-entry sentinel self-heals and the arm arms
ok - watch-arm: a valid bound override defers and an invalid value falls back to the default
ok - watch-arm: a stale sentinel with a live daemon still defers
